<html>
<body>
<pre>
<h1>礦ision Build Log</h1>
<h2>Tool Versions:</h2>
IDE-Version: μVision V5.36.0.0
Copyright (C) 2021 ARM Ltd and ARM Germany GmbH. All rights reserved.
License Information: zhiyu li, dut, LIC=ZB4EI-T1AYI-63IMB-2UFL6-XXRR3-BHUMA
 
Tool Versions:
Toolchain:       MDK-ARM Plus  Version: 5.36.0.0
Toolchain Path:  C:\MDK5.36\ARM\ARMCC\Bin
C Compiler:      Armcc.exe V5.06 update 7 (build 960)
Assembler:       Armasm.exe V5.06 update 7 (build 960)
Linker/Locator:  ArmLink.exe V5.06 update 7 (build 960)
Library Manager: ArmAr.exe V5.06 update 7 (build 960)
Hex Converter:   FromElf.exe V5.06 update 7 (build 960)
CPU DLL:         SARMCM3.DLL V5.36.0.0
Dialog DLL:      DCM.DLL V1.17.3.0
Target DLL:      STLink\ST-LINKIII-KEIL_SWO.dll V3.0.9.0
Dialog DLL:      TCM.DLL V1.53.0.0
 
<h2>Project:</h2>
C:\Users\33746\Desktop\graduation\工程目录之步进电机\stepper_doctor\Projects\MDK-ARM\stepper_doctor.uvprojx
Project File Date:  04/14/2025

<h2>Output:</h2>
*** Using Compiler 'V5.06 update 7 (build 960)', folder: 'C:\MDK5.36\ARM\ARMCC\Bin'
Rebuild target 'stepper_doctor'
assembling startup_stm32f103xe.s...
compiling gpio.c...
..\..\Drivers\BSP\GPIO\gpio.c(1): warning:  #1-D: last line of file ends without a newline
  #include "./BSP/GPIO/gpio.h"
..\..\Drivers\BSP\GPIO\gpio.c: 1 warning, 0 errors
compiling main.c...
..\..\Users\main.c(24): warning:  #177-D: variable "hello_message"  was declared but never referenced
      uint8_t hello_message[2] = {'a', 'b'};
..\..\Users\main.c: 1 warning, 0 errors
compiling stm32f1xx_hal_dma.c...
compiling stm32f1xx_hal_gpio_ex.c...
compiling system_stm32f1xx.c...
compiling stm32f1xx_hal_uart.c...
compiling stm32f1xx_hal_rcc_ex.c...
compiling stm32f1xx_hal_gpio.c...
compiling stm32f1xx_hal_cortex.c...
compiling stm32f1xx_it.c...
compiling stm32f1xx_hal_tim_ex.c...
compiling stm32f1xx_hal.c...
compiling delay.c...
compiling sys.c...
compiling stm32f1xx_hal_usart.c...
compiling tmc2209.c...
compiling pulse.c...
compiling uart.c...
compiling stm32f1xx_hal_rcc.c...
compiling stm32f1xx_hal_tim.c...
linking...
Program Size: Code=8556 RO-data=360 RW-data=52 ZI-data=2020  
"..\..\Output\stepper_doctor.axf" - 0 Error(s), 2 Warning(s).

<h2>Software Packages used:</h2>

Package Vendor: Keil
                http://www.keil.com/pack/Keil.STM32F1xx_DFP.2.3.0.pack
                Keil.STM32F1xx_DFP.2.3.0
                STMicroelectronics STM32F1 Series Device Support, Drivers and Examples

<h2>Collection of Component include folders:</h2>
  C:\MDK5.36\Packs\Keil\STM32F1xx_DFP\2.3.0\Device\Include

<h2>Collection of Component Files used:</h2>
Build Time Elapsed:  00:00:03
</pre>
</body>
</html>
